  Determining projects to restore...
  All projects are up-to-date for restore.
C:\Users\Msi\Downloads\lil-agents-main\lil-agents-main\LilAgents.Windows\Characters\CharacterWindow.xaml.cs(90,51): error CS0246: The type or namespace name 'PointHitTestParameters' could not be found (are you missing a using directive or an assembly reference?) [C:\Users\Msi\Downloads\lil-agents-main\lil-agents-main\LilAgents.Windows\LilAgents.Windows_q31nhepw_wpftmp.csproj]
C:\Users\Msi\Downloads\lil-agents-main\lil-agents-main\LilAgents.Windows\Characters\CharacterWindow.xaml.cs(90,24): error CS0246: The type or namespace name 'HitTestResult' could not be found (are you missing a using directive or an assembly reference?) [C:\Users\Msi\Downloads\lil-agents-main\lil-agents-main\LilAgents.Windows\LilAgents.Windows_q31nhepw_wpftmp.csproj]

Build FAILED.

C:\Users\Msi\Downloads\lil-agents-main\lil-agents-main\LilAgents.Windows\Characters\CharacterWindow.xaml.cs(90,51): error CS0246: The type or namespace name 'PointHitTestParameters' could not be found (are you missing a using directive or an assembly reference?) [C:\Users\Msi\Downloads\lil-agents-main\lil-agents-main\LilAgents.Windows\LilAgents.Windows_q31nhepw_wpftmp.csproj]
C:\Users\Msi\Downloads\lil-agents-main\lil-agents-main\LilAgents.Windows\Characters\CharacterWindow.xaml.cs(90,24): error CS0246: The type or namespace name 'HitTestResult' could not be found (are you missing a using directive or an assembly reference?) [C:\Users\Msi\Downloads\lil-agents-main\lil-agents-main\LilAgents.Windows\LilAgents.Windows_q31nhepw_wpftmp.csproj]
    0 Warning(s)
    2 Error(s)

Time Elapsed 00:00:01.03
